22:20:53 **** Incremental Build of configuration Debug for project HAL_ADCRead ****
make -j8 all 
arm-none-eabi-gcc "../Core/Src/main.c" -mcpu=cortex-m4 -std=gnu11 -g3 -DDEBUG -DUSE_HAL_DRIVER -DSTM32F407xx -c -I../Core/Inc -I../Drivers/STM32F4xx_HAL_Driver/Inc -I../Drivers/STM32F4xx_HAL_Driver/Inc/Legacy -I../Drivers/CMSIS/Device/ST/STM32F4xx/Include -I../Drivers/CMSIS/Include -O0 -ffunction-sections -fdata-sections -Wall -fstack-usage -MMD -MP -MF"Core/Src/main.d" -MT"Core/Src/main.o" --specs=nano.specs -mfpu=fpv4-sp-d16 -mfloat-abi=hard -mthumb -o "Core/Src/main.o"
arm-none-eabi-gcc -o "HAL_ADCRead.elf" @"objects.list"   -mcpu=cortex-m4 -T"D:\Programming\STM32Projects\HAL_ADCRead\STM32F407VGTX_FLASH.ld" --specs=nosys.specs -Wl,-Map="HAL_ADCRead.map" -Wl,--gc-sections -static --specs=nano.specs -mfpu=fpv4-sp-d16 -mfloat-abi=hard -mthumb -Wl,--start-group -lc -lm -Wl,--end-group
Finished building target: HAL_ADCRead.elf
 
arm-none-eabi-size   HAL_ADCRead.elf 
arm-none-eabi-objdump -h -S  HAL_ADCRead.elf  > "HAL_ADCRead.list"
arm-none-eabi-objcopy  -O binary  HAL_ADCRead.elf  "HAL_ADCRead.bin"
   text	   data	    bss	    dec	    hex	filename
  11188	     20	   1652	  12860	   323c	HAL_ADCRead.elf
Finished building: default.size.stdout
 
Finished building: HAL_ADCRead.bin
 
Finished building: HAL_ADCRead.list
 

22:20:55 Build Finished. 0 errors, 0 warnings. (took 1s.459ms)

